[    0.000000] Initializing cgroup subsys cpuset
[    0.000000] Initializing cgroup subsys cpu
[    0.000000] Initializing cgroup subsys cpuacct
[    0.000000] Linux version 4.4.0-97-generic (buildd@lcy01-33) (gcc version 5.4.0 20160609 (Ubuntu 5.4.0-6ubuntu1~16.04.4) ) #120-Ubuntu SMP Tue Sep 19 17:28:18 UTC 2017 (Ubuntu 4.4.0-97.120-generic 4.4.87)
[    0.000000] Command line: BOOT_IMAGE=/boot/vmlinuz-4.4.0-97-generic root=LABEL=cloudimg-rootfs ro console=tty1 console=ttyS0
[    0.000000] KERNEL supported cpus:
[    0.000000]   Intel GenuineIntel
[    0.000000]   AMD AuthenticAMD
[    0.000000]   Centaur CentaurHauls
[    0.000000] ------------[ cut here ]------------
[    0.000000] WARNING: CPU: 0 PID: 0 at /build/linux-Pcn0xK/linux-4.4.0/arch/x86/kernel/fpu/xstate.c:517 fpu__init_system_xstate+0x38b/0x75a()
[    0.000000] XSAVE consistency problem, dumping leaves
[    0.000000] Modules linked in:
[    0.000000] CPU: 0 PID: 0 Comm: swapper Not tainted 4.4.0-97-generic #120-Ubuntu
[    0.000000]  0000000000000086 caf069cedbf7b84c ffffffff81e03d80 ffffffff813fabe3
[    0.000000]  ffffffff81e03dc8 ffffffff81caa640 ffffffff81e03db8 ffffffff810812e2
[    0.000000]  ffffffff81e03e48 ffffffff81e03e4c 0000000000000008 0000000000000100
[    0.000000] Call Trace:
[    0.000000]  [<ffffffff813fabe3>] dump_stack+0x63/0x90
[    0.000000]  [<ffffffff810812e2>] warn_slowpath_common+0x82/0xc0
[    0.000000]  [<ffffffff8108137c>] warn_slowpath_fmt+0x5c/0x80
[    0.000000]  [<ffffffff8107cff0>] ? xfeature_size+0x59/0x77
[    0.000000]  [<ffffffff81f6e20b>] fpu__init_system_xstate+0x38b/0x75a
[    0.000000]  [<ffffffff81f5e120>] ? early_idt_handler_array+0x120/0x120
[    0.000000]  [<ffffffff81f6db76>] fpu__init_system+0x10d/0x245
[    0.000000]  [<ffffffff81f6ec7f>] early_cpu_init+0x139/0x13e
[    0.000000]  [<ffffffff81f6ec7f>] ? early_cpu_init+0x139/0x13e
[    0.000000]  [<ffffffff81f6a181>] setup_arch+0xb4/0xcf6
[    0.000000]  [<ffffffff81f5e120>] ? early_idt_handler_array+0x120/0x120
[    0.000000]  [<ffffffff81f5ec74>] start_kernel+0xe4/0x4a2
[    0.000000]  [<ffffffff81f5e120>] ? early_idt_handler_array+0x120/0x120
[    0.000000]  [<ffffffff81f5e339>] x86_64_start_reservations+0x2a/0x2c
[    0.000000]  [<ffffffff81f5e485>] x86_64_start_kernel+0x14a/0x16d
[    0.000000] ---[ end trace 4d5ff9f2f68c4233 ]---
[    0.000000] CPUID[0d, 00]: eax=00000007 ebx=00000440 ecx=00000440 edx=00000000
[    0.000000] CPUID[0d, 01]: eax=00000000 ebx=000003c0 ecx=00000000 edx=00000000
[    0.000000] CPUID[0d, 02]: eax=00000100 ebx=00000240 ecx=00000000 edx=00000000
[    0.000000] CPUID[0d, 03]: eax=00000000 ebx=00000000 ecx=00000000 edx=00000000
[    0.000000] CPUID[0d, 04]: eax=00000000 ebx=00000000 ecx=00000000 edx=00000000
[    0.000000] CPUID[0d, 05]: eax=00000000 ebx=00000000 ecx=00000000 edx=00000000
[    0.000000] CPUID[0d, 06]: eax=00000000 ebx=00000000 ecx=00000000 edx=00000000
[    0.000000] CPUID[0d, 07]: eax=00000000 ebx=00000000 ecx=00000000 edx=00000000
[    0.000000] CPUID[0d, 08]: eax=00000000 ebx=00000000 ecx=00000000 edx=00000000
[    0.000000] CPUID[0d, 09]: eax=00000000 ebx=00000000 ecx=00000000 edx=00000000
[    0.000000] CPUID[0d, 0a]: eax=00000000 ebx=00000000 ecx=00000000 edx=00000000
[    0.000000] CPUID[0d, 0b]: eax=00000000 ebx=00000000 ecx=00000000 edx=00000000
[    0.000000] CPUID[0d, 0c]: eax=00000000 ebx=00000000 ecx=00000000 edx=00000000
[    0.000000] CPUID[0d, 0d]: eax=00000000 ebx=00000000 ecx=00000000 edx=00000000
[    0.000000] CPUID[0d, 0e]: eax=00000000 ebx=00000000 ecx=00000000 edx=00000000
[    0.000000] CPUID[0d, 0f]: eax=00000000 ebx=00000000 ecx=00000000 edx=00000000
[    0.000000] CPUID[0d, 10]: eax=00000000 ebx=00000000 ecx=00000000 edx=00000000
[    0.000000] CPUID[0d, 11]: eax=00000000 ebx=00000000 ecx=00000000 edx=00000000
[    0.000000] x86/fpu: xstate_offset[2]:  576, xstate_sizes[2]:  256
[    0.000000] x86/fpu: Supporting XSAVE feature 0x01: 'x87 floating point registers'
[    0.000000] x86/fpu: Supporting XSAVE feature 0x02: 'SSE registers'
[    0.000000] x86/fpu: Supporting XSAVE feature 0x04: 'AVX registers'
[    0.000000] x86/fpu: Enabled xstate features 0x7, context size is 1088 bytes, using 'standard' format.
[    0.000000] x86/fpu: Using 'lazy' FPU context switches.
[    0.000000] e820: BIOS-provided physical RAM map:
[    0.000000] BIOS-e820: [mem 0x0000000000000000-0x000000000009fbff] usable
[    0.000000] BIOS-e820: [mem 0x000000000009fc00-0x000000000009ffff] reserved
[    0.000000] BIOS-e820: [mem 0x00000000000f0000-0x00000000000fffff] reserved
[    0.000000] BIOS-e820: [mem 0x0000000000100000-0x000000003ffeffff] usable
[    0.000000] BIOS-e820: [mem 0x000000003fff0000-0x000000003fffffff] ACPI data
[    0.000000] BIOS-e820: [mem 0x00000000fffc0000-0x00000000ffffffff] reserved
[    0.000000] NX (Execute Disable) protection: active
[    0.000000] SMBIOS 2.5 present.
[    0.000000] Hypervisor detected: KVM
[    0.000000] e820: last_pfn = 0x3fff0 max_arch_pfn = 0x400000000
[    0.000000] MTRR: Disabled
[    0.000000] x86/PAT: MTRRs disabled, skipping PAT initialization too.
[    0.000000] CPU MTRRs all blank - virtualized system.
[    0.000000] x86/PAT: Configuration [0-7]: WB  WT  UC- UC  WB  WT  UC- UC  
[    0.000000] found SMP MP-table at [mem 0x0009fff0-0x0009ffff] mapped at [ffff88000009fff0]
[    0.000000] Scanning 1 areas for low memory corruption
[    0.000000] RAMDISK: [mem 0x36adc000-0x37565fff]
[    0.000000] ACPI: Early table checksum verification disabled
[    0.000000] ACPI: RSDP 0x00000000000E0000 000024 (v02 VBOX  )
[    0.000000] ACPI: XSDT 0x000000003FFF0030 00003C (v01 VBOX   VBOXXSDT 00000001 ASL  00000061)
[    0.000000] ACPI: FACP 0x000000003FFF00F0 0000F4 (v04 VBOX   VBOXFACP 00000001 ASL  00000061)
[    0.000000] ACPI: DSDT 0x000000003FFF0470 002118 (v01 VBOX   VBOXBIOS 00000002 INTL 20160108)
[    0.000000] ACPI: FACS 0x000000003FFF0200 000040
[    0.000000] ACPI: FACS 0x000000003FFF0200 000040
[    0.000000] ACPI: APIC 0x000000003FFF0240 00005C (v02 VBOX   VBOXAPIC 00000001 ASL  00000061)
[    0.000000] ACPI: SSDT 0x000000003FFF02A0 0001CC (v01 VBOX   VBOXCPUT 00000002 INTL 20160108)
[    0.000000] No NUMA configuration found
[    0.000000] Faking a node at [mem 0x0000000000000000-0x000000003ffeffff]
[    0.000000] NODE_DATA(0) allocated [mem 0x3ffeb000-0x3ffeffff]
[    0.000000] kvm-clock: Using msrs 4b564d01 and 4b564d00
[    0.000000] kvm-clock: cpu 0, msr 0:3ffe3001, primary cpu clock
[    0.000000] kvm-clock: using sched offset of 4590412951 cycles
[    0.000000] clocksource: kvm-clock: mask: 0xffffffffffffffff max_cycles: 0x1cd42e4dffb, max_idle_ns: 881590591483 ns
[    0.000000] Zone ranges:
[    0.000000]   DMA      [mem 0x0000000000001000-0x0000000000ffffff]
[    0.000000]   DMA32    [mem 0x0000000001000000-0x000000003ffeffff]
[    0.000000]   Normal   empty
[    0.000000]   Device   empty
[    0.000000] Movable zone start for each node
[    0.000000] Early memory node ranges
[    0.000000]   node   0: [mem 0x0000000000001000-0x000000000009efff]
[    0.000000]   node   0: [mem 0x0000000000100000-0x000000003ffeffff]
[    0.000000] Initmem setup node 0 [mem 0x0000000000001000-0x000000003ffeffff]
[    0.000000] ACPI: PM-Timer IO Port: 0x4008
[    0.000000] IOAPIC[0]: apic_id 2, version 17, address 0xfec00000, GSI 0-23
[    0.000000] ACPI: INT_SRC_OVR (bus 0 bus_irq 0 global_irq 2 dfl dfl)
[    0.000000] ACPI: INT_SRC_OVR (bus 0 bus_irq 9 global_irq 9 high level)
[    0.000000] Using ACPI (MADT) for SMP configuration information
[    0.000000] smpboot: Allowing 2 CPUs, 0 hotplug CPUs
[    0.000000] PM: Registered nosave memory: [mem 0x00000000-0x00000fff]
[    0.000000] PM: Registered nosave memory: [mem 0x0009f000-0x0009ffff]
[    0.000000] PM: Registered nosave memory: [mem 0x000a0000-0x000effff]
[    0.000000] PM: Registered nosave memory: [mem 0x000f0000-0x000fffff]
[    0.000000] e820: [mem 0x40000000-0xfffbffff] available for PCI devices
[    0.000000] Booting paravirtualized kernel on KVM
[    0.000000] clocksource: refined-jiffies: mask: 0xffffffff max_cycles: 0xffffffff, max_idle_ns: 7645519600211568 ns
[    0.000000] setup_percpu: NR_CPUS:512 nr_cpumask_bits:512 nr_cpu_ids:2 nr_node_ids:1
[    0.000000] PERCPU: Embedded 34 pages/cpu @ffff88003fc00000 s98328 r8192 d32744 u1048576
[    0.000000] PV qspinlock hash table entries: 256 (order: 0, 4096 bytes)
[    0.000000] Built 1 zonelists in Node order, mobility grouping on.  Total pages: 257913
[    0.000000] Policy zone: DMA32
[    0.000000] Kernel command line: BOOT_IMAGE=/boot/vmlinuz-4.4.0-97-generic root=LABEL=cloudimg-rootfs ro console=tty1 console=ttyS0
[    0.000000] PID hash table entries: 4096 (order: 3, 32768 bytes)
[    0.000000] Memory: 1001772K/1048120K available (8480K kernel code, 1294K rwdata, 3984K rodata, 1492K init, 1316K bss, 46348K reserved, 0K cma-reserved)
[    0.000000] SLUB: HWalign=64, Order=0-3, MinObjects=0, CPUs=2, Nodes=1
[    0.000000] Hierarchical RCU implementation.
[    0.000000] 	Build-time adjustment of leaf fanout to 64.
[    0.000000] 	RCU restricting CPUs from NR_CPUS=512 to nr_cpu_ids=2.
[    0.000000] RCU: Adjusting geometry for rcu_fanout_leaf=64, nr_cpu_ids=2
[    0.000000] NR_IRQS:33024 nr_irqs:440 16
[    0.000000] Console: colour VGA+ 80x25
[    0.000000] console [tty1] enabled
[    0.000000] console [ttyS0] enabled
[    0.000000] tsc: Detected 2807.994 MHz processor
[    2.596919] Calibrating delay loop (skipped) preset value.. 5615.98 BogoMIPS (lpj=11231976)
[    2.661000] pid_max: default: 32768 minimum: 301
[    2.679639] ACPI: Core revision 20150930
[    2.715450] ACPI: 2 ACPI AML tables successfully acquired and loaded
[    2.731600] Security Framework initialized
[    2.737688] Yama: becoming mindful.
[    2.744268] AppArmor: AppArmor initialized
[    2.756610] Dentry cache hash table entries: 131072 (order: 8, 1048576 bytes)
[    2.776121] Inode-cache hash table entries: 65536 (order: 7, 524288 bytes)
[    2.802681] Mount-cache hash table entries: 2048 (order: 2, 16384 bytes)
[    2.816051] Mountpoint-cache hash table entries: 2048 (order: 2, 16384 bytes)
[    2.849784] Initializing cgroup subsys io
[    2.861693] Initializing cgroup subsys memory
[    2.896043] Initializing cgroup subsys devices
[    2.941550] Initializing cgroup subsys freezer
[    2.975418] Initializing cgroup subsys net_cls
[    3.008195] Initializing cgroup subsys perf_event
[    3.027505] Initializing cgroup subsys net_prio
[    3.041806] Initializing cgroup subsys hugetlb
[    3.059742] Initializing cgroup subsys pids
[    3.111859] CPU: Physical Processor ID: 0
[    3.159210] CPU: Processor Core ID: 0
[    3.206243] mce: CPU supports 0 MCE banks
[    3.226143] Last level iTLB entries: 4KB 64, 2MB 8, 4MB 8
[    3.257016] Last level dTLB entries: 4KB 64, 2MB 0, 4MB 0, 1GB 4
[    3.284182] Freeing SMP alternatives memory: 32K
[    3.354557] ftrace: allocating 32148 entries in 126 pages
[    3.645589] smpboot: APIC(0) Converting physical 0 to logical package 0
[    3.656698] smpboot: Max logical packages: 1
[    3.718556] ..TIMER: vector=0x30 apic1=0 pin1=2 apic2=-1 pin2=-1
[    3.829952] smpboot: CPU0: Intel(R) Core(TM) i7-6600U CPU @ 2.60GHz (family: 0x6, model: 0x4e, stepping: 0x3)
[    3.862135] Performance Events: unsupported p6 CPU model 78 no PMU driver, software events only.
[    3.877766] KVM setup paravirtual spinlock
[    3.885240] x86: Booting SMP configuration:
[    3.892380] .... node  #0, CPUs:      #1
[    3.902125] kvm-clock: cpu 1, msr 0:3ffe3041, secondary cpu clock
[    3.910975] mce: CPU supports 0 MCE banks
[    3.917698] x86: Booted up 1 node, 2 CPUs
[    3.924995] smpboot: Total of 2 processors activated (11231.97 BogoMIPS)
[    3.941252] devtmpfs: initialized
[    3.950648] evm: security.selinux
[    3.967868] evm: security.SMACK64
[    3.975443] evm: security.SMACK64EXEC
[    3.992574] evm: security.SMACK64TRANSMUTE
[    4.017176] evm: security.SMACK64MMAP
[    4.060356] evm: security.ima
[    4.079162] evm: security.capability
[    4.102027] clocksource: jiffies: mask: 0xffffffff max_cycles: 0xffffffff, max_idle_ns: 7645041785100000 ns
[    4.174116] futex hash table entries: 512 (order: 3, 32768 bytes)
[    4.223732] pinctrl core: initialized pinctrl subsystem
[    4.245794] RTC time:  2:21:06, date: 11/03/17
[    4.275301] NET: Registered protocol family 16
[    4.314304] cpuidle: using governor ladder
[    4.342070] cpuidle: using governor menu
[    4.382577] PCCT header not found.
[    4.400795] ACPI: bus type PCI registered
[    4.435139] acpiphp: ACPI Hot Plug PCI Controller Driver version: 0.5
[    4.471759] PCI: Using configuration type 1 for base access
[    4.516832] ACPI: Added _OSI(Module Device)
[    4.532835] ACPI: Added _OSI(Processor Device)
[    4.554170] ACPI: Added _OSI(3.0 _SCP Extensions)
[    4.569731] ACPI: Added _OSI(Processor Aggregator Device)
[    4.604719] ACPI: Executed 1 blocks of module-level executable AML code
[    4.666128] ACPI: Interpreter enabled
[    4.683170] ACPI: (supports S0 S5)
[    4.706252] ACPI: Using IOAPIC for interrupt routing
[    4.726904] PCI: Using host bridge windows from ACPI; if necessary, use "pci=nocrs" and report a bug
[    4.767607] ACPI: PCI Root Bridge [PCI0] (domain 0000 [bus 00-ff])
[    4.797416] acpi PNP0A03:00: _OSC: OS supports [ASPM ClockPM Segments MSI]
[    4.820978] acpi PNP0A03:00: _OSC failed (AE_NOT_FOUND); disabling ASPM
[    4.850453] acpi PNP0A03:00: fail to add MMCONFIG information, can't access extended PCI configuration space under this bridge.
[    4.906052] PCI host bridge to bus 0000:00
[    4.933657] pci_bus 0000:00: root bus resource [io  0x0000-0x0cf7 window]
[    4.981640] pci_bus 0000:00: root bus resource [io  0x0d00-0xffff window]
[    5.001036] pci_bus 0000:00: root bus resource [mem 0x000a0000-0x000bffff window]
[    5.022859] pci_bus 0000:00: root bus resource [mem 0x40000000-0xffdfffff window]
[    5.039171] pci_bus 0000:00: root bus resource [bus 00-ff]
[    5.061983] pci 0000:00:01.1: legacy IDE quirk: reg 0x10: [io  0x01f0-0x01f7]
[    5.078709] pci 0000:00:01.1: legacy IDE quirk: reg 0x14: [io  0x03f6]
[    5.092606] pci 0000:00:01.1: legacy IDE quirk: reg 0x18: [io  0x0170-0x0177]
[    5.110466] pci 0000:00:01.1: legacy IDE quirk: reg 0x1c: [io  0x0376]
[    5.330515] ACPI: PCI Interrupt Link [LNKA] (IRQs 5 9 10 11) *0, disabled.
[    5.541843] ACPI: PCI Interrupt Link [LNKB] (IRQs 5 9 10 *11)
[    5.707301] ACPI: PCI Interrupt Link [LNKC] (IRQs 5 9 *10 11)
[    5.805996] ACPI: PCI Interrupt Link [LNKD] (IRQs 5 *9 10 11)
[    5.844583] ACPI: Enabled 2 GPEs in block 00 to 07
[    5.968011] vgaarb: setting as boot device: PCI:0000:00:02.0
[    5.999684] vgaarb: device added: PCI:0000:00:02.0,decodes=io+mem,owns=io+mem,locks=none
[    6.015104] vgaarb: loaded
[    6.065122] vgaarb: bridge control possible 0000:00:02.0
[    6.083089] SCSI subsystem initialized
[    6.089869] ACPI: bus type USB registered
[    6.095899] usbcore: registered new interface driver usbfs
[    6.104444] usbcore: registered new interface driver hub
[    6.119143] usbcore: registered new device driver usb
[    6.128001] PCI: Using ACPI for IRQ routing
[    6.148909] NetLabel: Initializing
[    6.154493] NetLabel:  domain hash size = 128
[    6.178078] NetLabel:  protocols = UNLABELED CIPSOv4
[    6.185856] NetLabel:  unlabeled traffic allowed by default
[    6.216096] amd_nb: Cannot enumerate AMD northbridges
[    6.237445] clocksource: Switched to clocksource kvm-clock
[    6.321286] AppArmor: AppArmor Filesystem Enabled
[    6.385980] pnp: PnP ACPI init
[    6.399279] pnp: PnP ACPI: found 3 devices
[    6.452108] clocksource: acpi_pm: mask: 0xffffff max_cycles: 0xffffff, max_idle_ns: 2085701024 ns
[    6.640628] NET: Registered protocol family 2
[    6.866296] TCP established hash table entries: 8192 (order: 4, 65536 bytes)
[    6.888367] TCP bind hash table entries: 8192 (order: 5, 131072 bytes)
[    6.916356] TCP: Hash tables configured (established 8192 bind 8192)
[    6.929887] UDP hash table entries: 512 (order: 2, 16384 bytes)
[    6.936647] UDP-Lite hash table entries: 512 (order: 2, 16384 bytes)
[    6.956370] NET: Registered protocol family 1
[    6.977961] pci 0000:00:00.0: Limiting direct PCI/PCI transfers
[    6.989606] pci 0000:00:01.0: Activating ISA DMA hang workarounds
[    7.009992] Unpacking initramfs...
[    9.326695] Freeing initrd memory: 10792K
[    9.408146] platform rtc_cmos: registered platform RTC device (no PNP device found)
[    9.433740] Scanning for low memory corruption every 60 seconds
[    9.454069] audit: initializing netlink subsys (disabled)
[    9.480940] audit: type=2000 audit(1509675672.954:1): initialized
[    9.498438] Initialise system trusted keyring
[    9.523171] HugeTLB registered 2 MB page size, pre-allocated 0 pages
[    9.535349] zbud: loaded
[    9.549318] VFS: Disk quotas dquot_6.6.0
[    9.555750] VFS: Dquot-cache hash table entries: 512 (order 0, 4096 bytes)
[    9.572447] squashfs: version 4.0 (2009/01/31) Phillip Lougher
[    9.582974] fuse init (API version 7.23)
[    9.591141] Key type big_key registered
[    9.598754] Allocating IMA MOK and blacklist keyrings.
[    9.638632] Key type asymmetric registered
[    9.645909] Asymmetric key parser 'x509' registered
[    9.654710] Block layer SCSI generic (bsg) driver version 0.4 loaded (major 249)
[    9.669708] io scheduler noop registered
[    9.677922] io scheduler deadline registered (default)
[    9.687416] io scheduler cfq registered
[    9.695277] pci_hotplug: PCI Hot Plug PCI Core version: 0.5
[    9.705140] pciehp: PCI Express Hot Plug Controller Driver version: 0.4
[    9.716850] ACPI: AC Adapter [AC] (on-line)
[    9.724472] input: Power Button as /devices/LNXSYSTM:00/LNXPWRBN:00/input/input0
[    9.740338] ACPI: Power Button [PWRF]
[    9.748374] input: Sleep Button as /devices/LNXSYSTM:00/LNXSLPBN:00/input/input1
[    9.761617] ACPI: Sleep Button [SLPF]
[    9.769627] GHES: HEST is not enabled!
[    9.779530] Serial: 8250/16550 driver, 32 ports, IRQ sharing enabled
[    9.820964] 00:02: ttyS0 at I/O 0x3f8 (irq = 4, base_baud = 115200) is a 16550A
[    9.843700] Linux agpgart interface v0.103
[    9.877187] loop: module loaded
[    9.884969] scsi host0: ata_piix
[    9.900819] scsi host1: ata_piix
[    9.948037] ata1: PATA max UDMA/33 cmd 0x1f0 ctl 0x3f6 bmdma 0xd000 irq 14
[   10.018503] ata2: PATA max UDMA/33 cmd 0x170 ctl 0x376 bmdma 0xd008 irq 15
[   10.076455] libphy: Fixed MDIO Bus: probed
[   10.106393] tun: Universal TUN/TAP device driver, 1.6
[   10.135884] tun: (C) 1999-2004 Max Krasnyansky <maxk@qualcomm.com>
[   10.206399] PPP generic driver version 2.4.2
[   10.218755] ehci_hcd: USB 2.0 'Enhanced' Host Controller (EHCI) Driver
[   10.234389] ehci-pci: EHCI PCI platform driver
[   10.256234] ehci-platform: EHCI generic platform driver
[   10.26316] ohci_hcd: USB 1.1 'Open' Host Controller (OHCI) Driver
[   10.407828] ohci-pci: OHCI PCI platform driver
[   10.416390] ohci-platform: OHCI generic platform driver
[   10.431143] uhci_hcd: USB Universal Host Controller Interface driver
[ 10449509] i8042: PNP: PS/2 Controller [PNP0303:PS2K,PNP0f03:PS2M] at 0x60,0x64 irq 1,12
[   10.794214] serio: i8042 KBD port at 0x60,0x64 irq 1
[   10.801380] serio: i8042 AUX port at 0x60,0x64 irq 12

[   10.809078] mousedev: PS/2 mouse device common for all mice
[   10.880856] rtc_cmos rtc_cmos: rtc core: registered rtc_cmos as rtc0
[   10.891058] rtc_cmos rtc_cmos: alarms up to one day, 114 bytes nvram
[   10.906659] input: AT Translated Set 2 keyboard as /devices/platform/i8042/serio0/input/input2
[   10.938355] i2c /dev entries driver
[   10.979249] device-mapper: uevent: version 1.0.3
[   10.986688] device-mapper: ioctl: 4.34.0-ioctl (2015-10-28) initialised: dm-devel@redhat.com
[   11.006177] ledtrig-cpu: registered to indicate activity on CPUs
[   11.017945] NET: Registered protocol family 10
[   11.037912] NET: Registered protocol family 17
[   11.052428] Key type dns_resolver registered
[   11.065821] microcode: CPU0 sig=0x406e3, pf=0x40, revision=0x0
[   11.085744] microcode: CPU1 sig=0x406e3, pf=0x40, revision=0x0
[   11.093855] microcode: Microcode Update Driver: v2.01 <tigran@aivazian.fsnet.co.uk>, Peter Oruba
[   11.132988] registered taskstats version 1
[   11.156352] Loading compiled-in X.509 certificates
[  11.285988] Loaded X.509 cert 'Build time autogenerated kernel key: d1010f9627fd9242df4b03365d2931dfd1ad3d42'
[   11.421101] zswap: loaded using pool lzo/zbud
[   11.431346] Key type trusted registered
[   11.445844] Key type encrypted registered
[   11.474029] AppArmor: AppArmor sha1 policy hashing enabled
[   11.501338] ima: No TPM chip found, activating TPM-bypass!
[   11.529372] evm: HMAC attrs: 0x1
[   11.536149]   Magic number: 9:287:358
[   11.549993] rtc_cmos rtc_cmos: setting system clock to 2017-11-03 02:21:14 UTC (1509675674)
[   11.622360] BIOS EDD facility v0.16 2004-Jun-25, 0 devices found
[   11.631099] EDD informaio notavlale.
[   12.409494] Freeing unused kernel memory: 1492K
[   13.161396] Write protecting the kernel read-only data: 14336k
[   13.182362] Freeing unused kernel memory: 1748K
[   13.204342] Freeing unused kernel memory: 112K
Loading, please wait...
starting version 229
[   13.244656] random: udevadm: uninitialized urandom read (16 bytes read, 7 bits of entropy available)
[   13.245585] random: systemd-udevd: uninitialized urandom read (16 bytes read, 7 bits of entropy available)
[   13.245679] random: systemd-udevd: uninitialized urandom read (16 bytes read, 7 bits of entropy available)
[   13.245692] random: systemd-udevd: uninitialized urandom read (16 bytes read, 7 bits of entropy available)
[   13.245705] random: systemd-udevd: uninitialized urandom read (16 bytes read, 7 bits of entropy available)
[   13.321264] random: udevadm: uninitialized urandom read (16 bytes read, 7 bits of entropy available)
[   13.341287] random: systemd-udevd: uninitialized urandom read (16 bytes read, 7 bits of entropy available)
[   13.344728] random: udevadm: uninitialized urandom read (16 bytes read, 7 bits of entropy available)
[   13.344776] random: udevadm: uninitialized urandom read (16 bytes read, 7 bits of entropy available)
[   13.344934] random: udevadm: uninitialized urandom read (16 bytes read, 7 bits of entropy available)
[   13.466169] e1000: Intel(R) PRO/1000 Network Driver - version 7.3.21-k8-NAPI
[   13.478071] e1000: Copyright (c) 1999-2006 Intel Corporation.
[   13.500347] Fusion MPT base driver 3.04.20
[   13.507491] Copyright (c) 1999-2008 LSI Corporation
[   13.546974] AVX version of gcm_enc/dec engaged.
[   13.547729] Fusion MPT SPI Host driver 3.04.20
[   13.560955] AES CTR mode by8 optimization enabled
[   13.745796] input: ImExPS/2 Generic Explorer Mouse as /devices/platform/i8042/serio1/input/input4
[   14.439469] e1000 0000:00:03.0 eth0: (PCI:33MHz:32-bit) 02:51:17:41:23:cb
[   14.490817] e1000 0000:00:03.0 eth0: Intel(R) PRO/1000 Network Connection
[   15.125213] e1000 0000:00:08.0 eth1: (PCI:33MHz:32-bit) 08:00:27:7f:60:a3
[   15.172112] e1000 0000:00:08.0 eth1: Intel(R) PRO/1000 Network Connection
[   15.214443] e1000 0000:00:08.0 enp0s8: renamed from eth1
[   15.223386] mptbase: ioc0: Initiating bringup
[   15.302337] e1000 0000:00:03.0 enp0s3: renamed from eth0
[   15.386193] ioc0: LSI53C1030 A0: Capabilities={Initiator}
[   15.711567] scsi host2: ioc0: LSI53C1030 A0, FwRev=00000000h, Ports=1, MaxQ=256, IRQ=20
[   16.075538] scsi 2:0:0:0: Direct-Access     VBOX     HARDDISK         1.0  PQ: 0 ANSI: 5
[   16.093173] scsi target2:0:0: Beginning Domain Validation
[   16.109871] scsi target2:0:0: Domain Validation skipping write tests
[   16.129314] scsi target2:0:0: Ending Domain Validation
[   16.137350] scsi target2:0:0: asynchronous
[   16.149268] scsi 2:0:1:0: Direct-Access     VBOX     HARDDISK         1.0  PQ: 0 ANSI: 5
[   16.188410] scsi target2:0:1: Beginning Domain Validation
[   16.206374] scsi target2:0:1: Domain Validation skipping write tests
[   16.220512] scsi target2:0:1: Ending Domain Validation
[   16.406399] scsi target2:0:1: asynchronous
[   16.444948] sd 2:0:0:0: Attached scsi generic sg0 type 0
[   16.468799] sd 2:0:0:0: [sda] 20971520 512-byte logical blocks: (10.7 GB/10.0 GiB)
[   16.481247] sd 2:0:1:0: Attached scsi generic sg1 type 0
[   16.503458] floppy0: no floppy controllers found
[   16.503513] sd 2:0:1:0: [sdb] 20480 512-byte logical blocks: (10.5 MB/10.0 MiB)
[   16.523417] sd 2:0:0:0: [sda] Write Protect is off
[   16.530970] sd 2:0:1:0: [sdb] Write Protect is off
[   16.548870] sd 2:0:0:0: [sda] Incomplete mode parameter data
[   16.549184] sd 2:0:1:0: [sdb] Incomplete mode parameter data
[   16.549185] sd 2:0:1:0: [sdb] Assuming drive cache: write through
[   16.572250] sd 2:0:1:0: [sdb] Attached SCSI disk
[   16.582143] sd 2:0:0:0: [sda] Assuming drive cache: write through
[   16.600109]  sda: sda1
[   16.609183] sd 2:0:0:0: [sda] Attached SCSI disk
Begin: Loading essential drivers ... [   19.490830] md: linear personality registered for level -1
[   19.602019] md: multipath personality registered for level -4
[   19.709463] md: raid0 personality registered for level 0
[   19.779856] md: raid1 personality registered for level 1
[   19.903343] raid6: sse2x1   gen()  5348 MB/s
[   19.993569] raid6: sse2x1   xor()  3301 MB/s
[   20.143467] raid6: sse2x2   gen()  6128 MB/s
[   20.250454] raid6: sse2x2   xor()  2981 MB/s
[   20.342849] raid6: sse2x4   gen()  5883 MB/s
[   20.413462] raid6: sse2x4   xor()  4144 MB/s
[   20.421412] raid6: using algorithm sse2x2 gen() 6128 MB/s
[   20.429479] raid6: .... xor() 2981 MB/s, rmw enabled
[   20.436925] raid6: using ssse3x2 recovery algorithm
[   20.455647] xor: automatically using best checksumming function:
[   20.501690]    avx       : 18677.000 MB/sec
[   20.524236] async_tx: api initialized (async)
[   20.548834] md: raid6 personality registered for level 6
[   20.560879] md: raid5 personality registered for level 5
[   20.580535] md: raid4 personality registered for level 4
[   20.627785] md: raid10 personality registered for level 10
done.
Begin: Running /scripts/init-premount ... done.
Begin: Mounting root file system ... Begin: Running /scripts/local-top ... done.
Begin: Running /scripts/local-premount ... [   20.720024] Btrfs loaded
Scanning for Btrfs filesystems
done.
Warning: fsck not present, so skipping root file system
[   20.831791] EXT4-fs (sda1): mounted filesystem with ordered data mode. Opts: (null)
done.
Begin: Running /scripts/local-bottom ... done.
Begin: Running /scripts/init-bottom ... done.
[   21.081270] systemd[1]: systemd 229 running in system mode. (+PAM +AUDIT +SELINUX +IMA +APPARMOR +SMACK +SYSVINIT +UTMP +LIBCRYPTSETUP +GCRYPT +GNUTLS +ACL +XZ -LZ4 +SECCOMP +BLKID +ELFUTILS +KMOD -IDN)
[   21.101768] systemd[1]: Detected virtualization oracle.
[   21.108153] systemd[1]: Detected architecture x86-64.

Welcome to [1mUbuntu 16.04.3 LTS[0m!

[   21.143295] systemd[1]: Set hostname to <ubuntu>.
[   21.156184] systemd[1]: Initializing machine ID from random generator.
[   21.163518] systemd[1]: Installed transient /etc/machine-id file.
[   21.467822] systemd[1]: Listening on Journal Socket (/dev/log).
[[0;32m  OK  [0m] Listening on Journal Socket (/dev/log).
[   21.600175] systemd[1]: Reached target Encrypted Volumes.
[[0;32m  OK  [0m] Reached target Encrypted Volumes.
[   21.680399] systemd[1]: Started Trigger resolvconf update for networkd DNS.
[[0;32m  OK  [0m] Started Trigger resolvconf update for networkd DNS.
[   21.762717] systemd[1]: Set up automount Arbitrary Executable File Formats File System Automount Point.
[[0;32m  OK  [0m] Set up automount Arbitrary Executab...ats File System Automount Point.
[   21.826868] systemd[1]: Listening on udev Control Socket.
[[0;32m  OK  [0m] Listening on udev Control Socket.
[   21.855524] systemd[1]: Listening on Journal Audit Socket.
[[0;32m  OK  [0m] Listening on Journal Audit Socket.
[   21.873429] systemd[1]: Listening on Journal Socket.
[[0;32m  OK  [0m] Listening on Journal Socket.
[   21.891044] systemd[1]: Listening on udev Kernel Socket.
[[0;32m  OK  [0m] Listening on udev Kernel Socket.
[   21.934745] systemd[1]: Reached target Swap.
[[0;32m  OK  [0m] Reached target Swap.
[   21.974718] systemd[1]: Started Forward Password Requests to Wall Directory Watch.
[[0;32m  OK  [0m] Started Forward Password Requests to Wall Directory Watch.
[   22.014635] systemd[1]: Listening on LVM2 metadata daemon socket.
[[0;32m  OK  [0m] Listening on LVM2 metadata daemon socket.
[   22.038583] systemd[1]: Listening on LVM2 poll daemon socket.
[[0;32m  OK  [0m] Listening on LVM2 poll daemon socket.
[   22.155097] systemd[1]: Created slice User and Session Slice.
[[0;32m  OK  [0m] Created slice User and Session Slice.
[   22.205140] systemd[1]: Listening on Syslog Socket.
[[0;32m  OK  [0m] Listening on Syslog Socket.
[   22.294595] systemd[1]: Listening on Device-mapper event daemon FIFOs.
[[0;32m  OK  [0m] Listening on Device-mapper event daemon FIFOs.
[   22.399974] systemd[1]: Created slice System Slice.
[[0;32m  OK  [0m] Created slice System Slice.
[   22.482217] systemd[1]: Starting Remount Root and Kernel File Systems...
[   22.517710] random: nonblocking pool is initialized
[   22.528278] EXT4-fs (sda1): re-mounted. Opts: (null)
         Starting Remount Root and Kernel File Systems...
[   22.617155] systemd[1]: Starting Journal Service...
         Starting Journal Service...
[   22.679011] systemd[1]: Mounting Huge Pages File System...
         Mounting Huge Pages File System...
[   22.724855] systemd[1]: Created slice system-serial\x2dgetty.slice.
[[0;32m  OK  [0m] Created slice system-serial\x2dgetty.slice.
[   22.767853] systemd[1]: Reached target Slices.
[[0;32m  OK  [0m] Reached target Slices.
[   22.829707] systemd[1]: Starting Nameserver information manager...
         Starting Nameserver information manager...
[   22.904214] systemd[1]: Starting Set console keymap...
         Starting Set console keymap...
[   22.970000] systemd[1]: Starting Uncomplicated firewall...
         Starting Uncomplicated firewall...
[   23.033915] systemd[1]: Starting Create list of required static device nodes for the current kernel...
         Starting Create list of required st... nodes for the current kernel...
[   23.061858] systemd[1]: Starting Monitoring of LVM2 mirrors, snapshots etc. using dmeventd or progress polling...
         Starting Monitoring of LVM2 mirrors... dmeventd or progress polling...
[   23.162429] systemd[1]: Starting Load Kernel Modules...
[   23.230189] Loading iSCSI transport class v2.0-870.
         Starting Load Kernel Modules...
[   23.266396] systemd[1]: Mounting POSIX Message Queue File System...
         Mounting POSIX Message Queue Fil[   23.337672] iscsi: registered transport (tcp)
e System...
[   23.362611] systemd[1]: Listening on /dev/initctl Compatibility Named Pipe.
[[0;32m  OK  [0m] Listening on /dev/initctl Compatibility Named Pipe.
[   23.534578] systemd[1]: Reached target User and Group Name Lookups.
[[0;32m  OK  [0m] Reached target User and Group Name Lookups.
[   23.577987] iscsi: registered transport (iser)
[   23.582956] systemd[1]: Mounting Debug File System...
         Mounting Debug File System...
[   23.616887] systemd[1]: Mounted POSIX Message Queue File System.
[[0;32m  OK  [0m] Mounted POSIX Message Queue File System.
[   23.662666] systemd[1]: Mounted Huge Pages File System.
[[0;32m  OK  [0m] Mounted Huge Pages File System.
[   23.698292] systemd[1]: Mounted Debug File System.
[[0;32m  OK  [0m] Mounted Debug File System.
[   23.746586] systemd[1]: Started Journal Service.
[[0;32m  OK  [0m] Started Journal Service.
[[0;32m  OK  [0m] Started Remount Root and Kernel File Systems.
[[0;32m  OK  [0m] Started Set console keymap.
[[0;32m  OK  [0m] Started Uncomplicated firewall.
[[0;32m  OK  [0m] Started Create list of required sta...ce nodes for the current kernel.
[[0;32m  OK  [0m] Started Load Kernel Modules.
[[0;32m  OK  [0m] Started Nameserver information manager.
[[0;32m  OK  [0m] Started LVM2 metadata daemon.
         Mounting FUSE Control File System...
         Starting Apply Kernel Variables...
         Starting Create Static Device Nodes in /dev...
         Starting Load/Save Random Seed...
         Starting udev Coldplug all Devices...
         Starting Initial cloud-init job (pre-networking)...
         Starting Flush Journal to Persistent Storage...
[[0;32m  OK  [0m] Mounted FUSE Control File System.
[[0;32m  OK  [0m] Started Apply Kernel Variables.
[[0;32m  OK  [0m] Started Create Static Device Nodes in /dev.
[[0;32m  OK  [0m] Started Load/Save Random Seed.
[[0;32m  OK  [0m] Started udev Coldplug all Devices.
[[0;32m  OK  [0m] Started Monitoring of LVM2 mirrors,...ng dmeventd or progress polling.
[[0;32m  OK  [0m] Started Flush Journal to Persistent Storage.
         Starting udev Kernel Device Manager...
[[0;32m  OK  [0m] Started udev Kernel Device Manager.
[[0;32m  OK  [0m] Started Dispatch Password Requests to Console Directory Watch.
[[0;32m  OK  [0m] Reached target Local File Systems (Pre).
[[0;32m  OK  [0m] Reached target Local File Systems.
         Starting Create Volatile Files and Directories...
         Starting LSB: AppArmor initialization...
         Starting Tell Plymouth To Write Out Runtime Data...
         Starting Set console font and keymap...
         Starting Commit a transient machine-id on disk...
[[0;32m  OK  [0m] Started Create Volatile Files and Directories.
[[0;32m  OK  [0m] Started Tell Plymouth To Write Out Runtime Data.
[   21.773861] cloud-init[463]: Cloud-init v. 0.7.9 running 'init-local' at Fri, 03 Nov 2017 02:21:29 +0000. Up 20.98 seconds.
[[0;32m  OK  [0m] Started Commit a transient machine-id on disk.
[[0;32m  OK  [0m] Started Initial cloud-init job (pre-networking).
[[0;32m  OK  [0m] Found device /dev/ttyS0.
[[0;32m  OK  [0m] Listening on Load/Save RF Kill Switch Status /dev/rfkill Watch.
[[0;32m  OK  [0m] Reached target Network (Pre).
[[0;32m  OK  [0m] Reached target System Time Synchronized.
         Starting Update UTMP about System Boot/Shutdown...
[[0;32m  OK  [0m] Started LSB: AppArmor initialization.
[[0;32m  OK  [0m] Started Set console font and keymap.
[[0;32m  OK  [0m] Created slice system-getty.slice.
         Starting Raise network interfaces...
[[0;32m  OK  [0m] Started Update UTMP about System Boot/Shutdown.
[[0;32m  OK  [0m] Started Raise network interfaces.
         Starting Initial cloud-init job (metadata service crawler)...
[[0;32m  OK  [0m] Reached target Network.
[   28.300870] cloud-init[950]: Cloud-init v. 0.7.9 running 'init' at Fri, 03 Nov 2017 02:21:35 +0000. Up 27.12 seconds.
[   28.329676] cloud-init[950]: ci-info: ++++++++++++++++++++++++++++++++++++++Net device info++++++++++++++++++++++++++++++++++++++
[   28.345531] cloud-init[950]: ci-info: +--------+-------+----------------------------+---------------+-------+-------------------+
[   28.361205] cloud-init[950]: ci-info: | Device |   Up  |          Address           |      Mask     | Scope |     Hw-Address    |
[   28.375737] cloud-init[950]: ci-info: +--------+-------+----------------------------+---------------+-------+-------------------+
[   28.392143] cloud-init[950]: ci-info: | enp0s8 | False |             .              |       .       |   .   | 08:00:27:7f:60:a3 |
[   28.429432] cloud-init[950]: ci-info: | enp0s3 |  True |         10.0.2.15          | 255.255.255.0 |   .   | 02:51:17:41:23:cb |
[   28.430896] cloud-init[950]: ci-info: | enp0s3 |  True | fe80::51:17ff:fe41:23cb/64 |       .       |  link | 02:51:17:41:23:cb |
[[   28.437702] [0;32m  OK  [0mcloud-init] [950]: Started Initial cloud-init job (metadata service crawler).ci-info: |   lo   |  True |         127.0.0.1          |   255.0.0.0   |   .   |         .         |

[   28.437889] cloud-init[950]: ci-info: |   lo   |  True |          ::1/128           |       .       |  host |         .         |
[   28.647449] cloud-init[950]: ci-info: +--------+-------+----------------------------+---------------+-------+-------------------+
[[0;32m  OK  [0m] Reached target Cloud-config availability.
[[   28.662826] cloud-init[950]: ci-info: +++++++++++++++++++++++++++Route IPv4 info++++++++++++++++++++++++++++
[   28.710438] cloud-init[950]: ci-info: +-------+-------------+----------+---------------+-----------+-------+
[0;32m  OK  [0m[   28.711149] ] cloud-initReached target Network is Online.[950]: 
ci-info: | Route | Destination | Gateway  |    Genmask    | Interface | Flags |
[   28.711245] cloud-init[950]: ci-info: +-------+-------------+----------+---------------+-----------+-------+
[   28.854842] cloud-init[950]: ci-info: |   0   |   0.0.0.0   | 10.0.2.2 |    0.0.0.0    |   enp0s3  |   UG  |
[   28.856464] cloud-init[950]: ci-info: |   1   |   10.0.2.0  | 0.0.0.0  | 255.255.255.0 |   enp0s3  |   U   |
[   28.858021] cloud-init[950]: ci-info: +-------+-------------+----------+---------------+-----------+-------+
[   28.858064] cloud-init[950]: Generating public/private rsa key pair.
         Starting iSCSI initiator daemon (iscsid)...
[[0;32m  OK  [0m] Reached target System Initialization.
[   28.858120] cloud-init[950]: Your identification has been saved in /etc/ssh/ssh_host_rsa_key.
[   29.093244] cloud-init[950]: Your public key has been saved in /etc/ssh/ssh_host_rsa_key.pub.[[0;32m  OK  [0m] Started Daily apt download activities.

[   29.141334] cloud-init[950]: The key fingerprint is:
[   29.143813] cloud-init[950]: SHA256:aAGAAvFZEKSHcJVNTgSAS/Iuzfejk/bwcoMi0D0Tiik root@ubuntu-xenial
[   29.143880] cloud-init[950]: The key's randomart image is:
         Starting Socket activation for snappy daemon.
[   29.143933] cloud-init[950]: +---[RSA 2048]----+
[   29.180035] cloud-init[950]: |==B*=*+          |         
[   29.196196] Starting LXD - unix socket.
[[0;32m  OK  [0mcloud-init[950]: ] Started Timer to automatically refresh installed snaps.|** o.+.          |
[   29.222710] cloud-init[950]: |*o+   o          |
[   29.225701] cloud-init[950]: |... .  o         |
[   29.227041] cloud-init[950]: | B o .o S        |
[   29.236163] cloud-init[950]: |E * =.           |
[   29.238930] cloud-init[950]: |o. ..*           |
[   29.240103] cloud-init[950]: |. . *o=          |
[   29.254847] cloud-init[950]: | . o.*oo         |
[   29.255397] cloud-init[950]: +----[SHA256]-----+
[   29.258646] cloud-init[950]: Generating public/private dsa key pair.
[   29.261689] cloud-init[950]: Your identification has been saved in /etc/ssh/ssh_host_dsa_key.
[   29.263168] cloud-init[950]: Your public key has been saved in /etc/ssh/ssh_host_dsa_key.pub.
[   29.270794] cloud-init[950]: The key fingerprint is:
[   29.275055] cloud-init[950]: SHA256:qU5wIMWEYwUzfUwU21RuvmN1MdmvpxLMHwXW04CCwUw root@ubuntu-xenial
[   29.278131] cloud-init[950]: The key's randomart image is:
[   29.285398] cloud-init[950]: +---[DSA 1024]----+
[   29.286288] cloud-init[950]: |  +B+++=E+.  ..o.|
[   29.287416] cloud-init[950]: |  ++o o++.. . o+o|
[   29.288519] cloud-init[950]: | ...... . o. .+.o|
[   29.290864] cloud-init[950]: |   . .   +     oo|
[   29.294842] cloud-init[950]: |    . . S .o. ...|
[   29.299365] cloud-init[950]: |     o .   o+... |
[   29.299456] cloud-init[950]: |      o   +  o...|
[   29.299532] cloud-init[950]: |     o   . .. .o |
[   29.299620] cloud-init[950]: |      .      ..  |
[   29.300817] cloud-init[950]: +----[SHA256]-----+
[   29.300902] cloud-init[950]: Generating public/private ecdsa key pair.
[   29.300964] cloud-init[950]: Your identification has been saved in /etc/ssh/ssh_host_ecdsa_key.

[   29.301028] cloud-init[950]: Your public key has been saved in /etc/ssh/ssh_host_ecdsa_key.pub.
[   29.301089] cloud-init[950]: The key fingerprint is:
[   29.553450] cloud-init[950]: SHA256:Wtl2qwaw1OPnGqyeTucJgtS2Li7x0kik/Dphd7epQdM root@ubuntu-xenial
[   29.553510] cloud-init[950]: The key's randomart image is:
[   29.553566] cloud-init[950]: +---[ECDSA 256]---+
[   29.553602] cloud-init[950]: |                 |
[   29.553639] cloud-init[950]: |                 |
[   29.553673] cloud-init[950]: |       .         |
[   29.553710] cloud-init[950]: | . .  + oo       |
[   29.553745] cloud-init[950]: |+ . o+ ES.o .    |
[   29.553824] cloud-init[950]: |o* +.oo=o... .   |
[   29.553862] cloud-init[950]: |o== +.= *+  .    |
[   29.553897] cloud-init[950]: |+.+o o.O oo.     |
[   29.553934] cloud-init[950]: | =+..+* +o.      |
[   29.553965] cloud-init[950]: +----[SHA256]-----+
[   29.554003] cloud-init[950]: Generating public/private ed25519 key pair.
[   29.554095] cloud-init[950]: Your identification has been saved in /etc/ssh/ssh_host_ed25519_key.
[   29.554133] cloud-init[950]: Your public key has been saved in /etc/ssh/ssh_host_ed25519_key.pub.
[   29.554175] cloud-init[950]: The key fingerprint is:
[   29.554206] cloud-init[950]: SHA256:SvVLeSSwkHupQmLnxgDyb8kKwSHUV1Icr5HkaV5fWmM root@ubuntu-xenial
[   29.554244] cloud-init[950]: The key's randomart image is:
[   29.554330] cloud-init[950]: +--[ED25519 256]--+
[   29.554370] cloud-init[950]: |...  .=*o        |
[   29.554411] cloud-init[950]: |+. . .=o+o       |
[   29.554451] cloud-init[950]: |+o. .  Bo+. .E   |
[   29.554483] cloud-init[950]: |..= o +.*..+= .  |
[   29.554536] cloud-init[950]: | o X ..=S +o.    |
[   29.554572] cloud-init[950]: |.   X... . o     |
[   29.554614] cloud-init[950]: | . + ..   .      |
[[0;32m  OK  [0m] Listening on UUID daemon activation socket.
[   29.554647] cloud-init[950]: |  .              |
[[   30.160930] cloud-init[950]: |                 |
[   30.163060] cloud-init[950]: +----[SHA256]-----+
[0;32m  OK  [0m] Started ACPI Events Check.
[[0;32m  OK  [0m] Reached target Paths.
[[0;32m  OK  [0m] Started Daily Cleanup of Temporary Directories.
[[0;32m  OK  [0m] Started Timer to automatically fetch and run repair assertions.
[[0;32m  OK  [0m] Listening on D-Bus System Message Bus Socket.
[[0;32m  OK  [0m] Started Daily apt upgrade and clean activities.
[[0;32m  OK  [0m] Reached target Timers.
[[0;32m  OK  [0m] Listening on ACPID Listen Socket.
[[0;32m  OK  [0m] Listening on Socket activation for snappy daemon.
[[0;32m  OK  [0m] Listening on LXD - unix socket.
[[0;32m  OK  [0m] Started iSCSI initiator daemon (iscsid).
         Starting Login to default iSCSI targets...
[[0;32m  OK  [0m] Reached target Sockets.
[[0;32m  OK  [0m] Reached target Basic System.
         Starting LSB: MD monitoring daemon...
         Starting LSB: Record successful boot for GRUB...
         Starting /etc/rc.local Compatibility...
[[0;32m  OK  [0m] Started Regular background program processing daemon.
         Starting Login Service...
         Starting Accounts Service...
[[0;32m  OK  [0m] Started ACPI event daemon.
         Starting Pollinate to seed the pseudo random number generator...
         Starting Apply the settings specified in cloud-config...
         Starting LXD - container startup/shutdown...
[[0;32m  OK  [0m] Started Deferred execution scheduler.
[[0;32m  OK  [0m] Started D-Bus System Message Bus.
         Starting System Logging Service...
[[0;32m  OK  [0m] Started Unattended Upgrades Shutdown.
[[0;32m  OK  [0m] Started FUSE filesystem for LXC.
         Starting Snappy daemon...
[[0;32m  OK  [0m] Started /etc/rc.local Compatibility.
[[0;32m  OK  [0m] Started Login to default iSCSI targets.
[[0;32m  OK  [0m] Started System Logging Service.
[[0;32m  OK  [0m] Started LSB: MD monitoring daemon.
[[0;32m  OK  [0m] Started LXD - container startup/shutdown.
[[0;32m  OK  [0m] Started LSB: Record successful boot for GRUB.
[[0;32m  OK  [0m] Started Login Service.
         Starting Authenticate and Authorize Users to Run Privileged Tasks...
[[0;32m  OK  [0m] Reached target Remote File Systems (Pre).
[[0;32m  OK  [0m] Reached target Remote File Systems.
         Starting LSB: daemon to balance interrupts for SMP systems...
         Starting LSB: Set the CPU Frequency Scaling governor to "ondemand"...
         Starting LSB: VirtualBox Linux Additions...
         Starting Permit User Sessions...
         Starting LSB: automatic crash report generation...
[[0;32m  OK  [0m] Started Snappy daemon.
[[0;32m  OK  [0m] Started Permit User Sessions.
[[0;32m  OK  [0m] Started Authenticate and Authorize Users to Run Privileged Tasks.
[[0;32m  OK  [0m] Started Accounts Service.
         Starting Hold until boot process finishes up...
         Starting Terminate Plymouth Boot Screen...
         Starting Auto import assertions from block devices...
[[0;32m  OK  [0m] Started LSB: daemon to balance interrupts for SMP systems.
[[0;32m  OK  [0m] Started LSB: Set the CPU Frequency Scaling governor to "ondemand".
[[0;32m  OK  [0m] Started LSB: VirtualBox Linux Additions.
[[0;32m  OK  [0m] Started LSB: automatic crash report generation.
[[0;32m  OK  [0m] Started Hold until boot process finishes up.
[[0;32m  OK  [0m] Started Terminate Plymouth Boot Screen.
[[0;32m  OK  [0m] Started Auto import assertions from block devices.
         Starting Set console scheme...
[   33.258257] [[0;32m  OK  [0m] Started Serial Getty on ttyS0.
cloud-init[1084]: Generating locales (this might take a while)...
[[0;32m  OK  [0m] Started Getty on tty1.
[[0;32m  OK  [0m] Reached target Login Prompts.
[[0;32m  OK  [0m] Started Pollinate to seed the pseudo random number generator.
[[0;32m  OK  [0m] Started Set console scheme.
         Starting OpenBSD Secure Shell server...
[[0;32m  OK  [0m] Started OpenBSD Secure Shell server.
[[0;32m  OK  [0m] Reached target Multi-User System.
[[0;32m  OK  [0m] Reached target Graphical Interface.
         Starting Update UTMP about System Runlevel Changes...
[[0;32m  OK  [0m] Started Update UTMP about System Runlevel Changes.
[   34.898367] cloud-init[1084]:   en_US.UTF-8... done
[   34.919173] cloud-init[1084]: Generation complete.
         Stopping OpenBSD Secure Shell server...
[[0;32m  OK  [0m] Stopped OpenBSD Secure Shell server.
         Starting OpenBSD Secure Shell server...
[[0;32m  OK  [0m] Started OpenBSD Secure Shell server.
[   35.873477] cloud-init[1084]: Cloud-init v. 0.7.9 running 'modules:config' at Fri, 03 Nov 2017 02:21:40 +0000. Up 32.58 seconds.
[[0;32m  OK  [0m] Created slice User Slice of ubuntu.
[[0;32m  OK  [0m] Started Apply the settings specified in cloud-config.
[[0;32m  OK  [0m] Started Session 1 of user ubuntu.
         Starting User Manager for UID 1000...
         Starting Execute cloud user/final scripts...
[[0;32m  OK  [0m] Started User Manager for UID 1000.
ci-info: no authorized ssh keys fingerprints found for user ubuntu.
<14>Nov  3 02:21:45 ec2: 
<14>Nov  3 02:21:45 ec2: #############################################################
<14>Nov  3 02:21:45 ec2: -----BEGIN SSH HOST KEY FINGERPRINTS-----
<14>Nov  3 02:21:45 ec2: 1024 SHA256:qU5wIMWEYwUzfUwU21RuvmN1MdmvpxLMHwXW04CCwUw root@ubuntu-xenial (DSA)
<14>Nov  3 02:21:45 ec2: 256 SHA256:Wtl2qwaw1OPnGqyeTucJgtS2Li7x0kik/Dphd7epQdM root@ubuntu-xenial (ECDSA)
<14>Nov  3 02:21:45 ec2: 256 SHA256:SvVLeSSwkHupQmLnxgDyb8kKwSHUV1Icr5HkaV5fWmM root@ubuntu-xenial (ED25519)
<14>Nov  3 02:21:45 ec2: 2048 SHA256:aAGAAvFZEKSHcJVNTgSAS/Iuzfejk/bwcoMi0D0Tiik root@ubuntu-xenial (RSA)
<14>Nov  3 02:21:45 ec2: -----END SSH HOST KEY FINGERPRINTS-----
<14>Nov  3 02:21:45 ec2: #############################################################
-----BEGIN SSH HOST KEY KEYS-----
ecdsa-sha2-nistp256 AAAAE2VjZHNhLXNoYTItbmlzdHAyNTYAAAAIbmlzdHAyNTYAAABBBNl9VABth07afU0cJFmKWgRb8+EYsvPEwgxuCB8j6xCzKqrIIr+MokEfGmJMXbklEz+yd3vmS+9RJVHf9dxX/gs= root@ubuntu-xenial
ssh-ed25519 AAAAC3NzaC1lZDI1NTE5AAAAIP8Yj9N9UM9oFB0RqIjTUj4ieT/nzeLjehwLDWNXhZy6 root@ubuntu-xenial
ssh-rsa AAAAB3NzaC1yc2EAAAADAQABAAABAQCvCQ9HbaBkOexZlSFANo9r0uc8nPtmaNn4Rr/Othi1ydcvdPysY3kwJroLZQb53qnx0daYdsVuwgazHjI34qnx2/5A0ITHEXqe6LpZKL65nZZxiy52W6H/tAqLWh5QD7FUWn1Nlsz6LsnCnDt/e1SeKF8n7RAZdXRuu6S/AZgWTLfbDmWaSNYWg682D3d9Wu+braOz83HeY8+d3jXi9ufonymNjaw3jl28u12/r0nOVrT0Cz/LAmzJlMd5aOeLQWpjK54FR1FyOllyCcxYLJxwz742Plat6KsSxKhG4NcbPglXJFgrgjjm6dWBioLvRZ4fROGq+S3ajq6HoR3THoAN root@ubuntu-xenial
-----END SSH HOST KEY KEYS-----
[   37.619133] cloud-init[1336]: Cloud-init v. 0.7.9 running 'modules:final' at Fri, 03 Nov 2017 02:21:44 +0000. Up 36.67 seconds.
[   37.695426] cloud-init[1336]: ci-info: no authorized ssh keys fingerprints found for user ubuntu.
[   37.797317] cloud-init[1336]: Cloud-init v. 0.7.9 finished at Fri, 03 Nov 2017 02:21:45 +0000. Datasource DataSourceNoCloud [seed=/dev/sdb][dsmode=net].  Up 37.58 seconds
[[0;32m  OK  [0m] Started Execute cloud user/final scripts.
[[0;32m  OK  [0m] Reached target Cloud-init target.

Ubuntu 16.04.3 LTS ubuntu-xenial ttyS0

ubuntu-xenial login: 